[debug] [2026-09-01T13:47:47.042Z] ----------------------------------------------------------------------
[debug] [2026-09-01T13:47:47.045Z] Command:       C:\Program Files\nodejs\node.exe C:\Users\user\AppData\Roaming\npm\node_modules\firebase-tools\lib\bin\firebase.js deploy --only hosting
[debug] [2026-09-01T13:47:47.045Z] CLI Version:   15.18.0
[debug] [2026-09-01T13:47:47.045Z] Platform:      win32
[debug] [2026-09-01T13:47:47.045Z] Node Version:  v25.1.0
[debug] [2026-09-01T13:47:47.045Z] Time:          Tue Sep 01 2026 18:47:47 GMT+0500 (Pakistan Standard Time)
[debug] [2026-09-01T13:47:47.046Z] ----------------------------------------------------------------------
[debug] 
[debug] [2026-09-01T13:47:48.989Z] > command requires scopes: ["email","openid","https://www.googleapis.com/auth/cloudplatformprojects.readonly","https://www.googleapis.com/auth/firebase","https://www.googleapis.com/auth/cloud-platform"]
[debug] [2026-09-01T13:47:48.990Z] > authorizing via signed-in user (engrahmedaqeel14@gmail.com)
[debug] [2026-09-01T13:47:48.990Z] [iam] checking project ofmapp-main for permissions ["firebase.projects.get","firebasehosting.sites.update"]
[debug] [2026-09-01T13:47:48.992Z] Checked if tokens are valid: true, expires at: 1788273391729
[debug] [2026-09-01T13:47:48.992Z] Checked if tokens are valid: true, expires at: 1788273391729
[debug] [2026-09-01T13:47:48.993Z] >>> [apiv2][query] POST https://cloudresourcemanager.googleapis.com/v1/projects/ofmapp-main:testIamPermissions [none]
[debug] [2026-09-01T13:47:48.993Z] >>> [apiv2][(partial)header] POST https://cloudresourcemanager.googleapis.com/v1/projects/ofmapp-main:testIamPermissions  x-goog-user-project=ofmapp-main
[debug] [2026-09-01T13:47:48.993Z] >>> [apiv2][body] POST https://cloudresourcemanager.googleapis.com/v1/projects/ofmapp-main:testIamPermissions {"permissions":["firebase.projects.get","firebasehosting.sites.update"]}
[debug] [2026-09-01T13:47:50.591Z] <<< [apiv2][status] POST https://cloudresourcemanager.googleapis.com/v1/projects/ofmapp-main:testIamPermissions 200
[debug] [2026-09-01T13:47:50.591Z] <<< [apiv2][body] POST https://cloudresourcemanager.googleapis.com/v1/projects/ofmapp-main:testIamPermissions {"permissions":["firebase.projects.get","firebasehosting.sites.update"]}
[debug] [2026-09-01T13:47:50.591Z] Checked if tokens are valid: true, expires at: 1788273391729
[debug] [2026-09-01T13:47:50.591Z] Checked if tokens are valid: true, expires at: 1788273391729
[debug] [2026-09-01T13:47:50.592Z] >>> [apiv2][query] GET https://firebase.googleapis.com/v1beta1/projects/ofmapp-main [none]
[debug] [2026-09-01T13:47:51.217Z] <<< [apiv2][status] GET https://firebase.googleapis.com/v1beta1/projects/ofmapp-main 200
[debug] [2026-09-01T13:47:51.218Z] <<< [apiv2][body] GET https://firebase.googleapis.com/v1beta1/projects/ofmapp-main {"projectId":"ofmapp-main","projectNumber":"940511583527","displayName":"OFM - Enterprise Finance","name":"projects/ofmapp-main","resources":{"hostingSite":"ofmapp-main"},"state":"ACTIVE","labels":{"firebase":"enabled"},"etag":"1_b10dc296-6a92-4178-becf-c691ba88be5f"}
[info] 
[info] === Deploying to 'ofmapp-main'...
[info] 
[info] i  deploying hosting 
[debug] [2026-09-01T13:47:51.221Z] Checked if tokens are valid: true, expires at: 1788273391729
[debug] [2026-09-01T13:47:51.221Z] Checked if tokens are valid: true, expires at: 1788273391729
[debug] [2026-09-01T13:47:51.221Z] >>> [apiv2][query] GET https://firebasehosting.googleapis.com/v1beta1/projects/ofmapp-main/sites/ofmapp-main [none]
[debug] [2026-09-01T13:47:53.043Z] <<< [apiv2][status] GET https://firebasehosting.googleapis.com/v1beta1/projects/ofmapp-main/sites/ofmapp-main 200
[debug] [2026-09-01T13:47:53.043Z] <<< [apiv2][body] GET https://firebasehosting.googleapis.com/v1beta1/projects/ofmapp-main/sites/ofmapp-main {"name":"projects/ofmapp-main/sites/ofmapp-main","defaultUrl":"https://ofmapp-main.web.app","type":"DEFAULT_SITE"}
[debug] [2026-09-01T13:47:53.055Z] Checked if tokens are valid: true, expires at: 1788273391729
[debug] [2026-09-01T13:47:53.055Z] Checked if tokens are valid: true, expires at: 1788273391729
[debug] [2026-09-01T13:47:53.055Z] >>> [apiv2][query] POST https://firebasehosting.googleapis.com/v1beta1/projects/-/sites/ofmapp-main/versions [none]
[debug] [2026-09-01T13:47:53.055Z] >>> [apiv2][body] POST https://firebasehosting.googleapis.com/v1beta1/projects/-/sites/ofmapp-main/versions {"status":"CREATED","labels":{"deployment-tool":"cli-firebase"}}
[debug] [2026-09-01T13:47:54.881Z] <<< [apiv2][status] POST https://firebasehosting.googleapis.com/v1beta1/projects/-/sites/ofmapp-main/versions 200
[debug] [2026-09-01T13:47:54.881Z] <<< [apiv2][body] POST https://firebasehosting.googleapis.com/v1beta1/projects/-/sites/ofmapp-main/versions {"name":"projects/940511583527/sites/ofmapp-main/versions/05011951c0de08f8","status":"CREATED","config":{},"labels":{"deployment-tool":"cli-firebase"}}
[info] i  hosting[ofmapp-main]: beginning deploy... 
[info] i  hosting[ofmapp-main]: found 30 files in dist 
[debug] [2026-09-01T13:47:54.897Z] [hosting] uploading with 200 concurrency
[debug] [2026-09-01T13:47:55.091Z] Checked if tokens are valid: true, expires at: 1788273391729
[debug] [2026-09-01T13:47:55.091Z] Checked if tokens are valid: true, expires at: 1788273391729
[debug] [2026-09-01T13:47:55.092Z] [hosting] hash cache [ZGlzdA] stored for 30 files
[debug] [2026-09-01T13:47:55.093Z] [hosting][hash queue][FINAL] {"max":185,"min":1,"avg":20.833333333333332,"active":0,"complete":30,"success":30,"errored":0,"retried":0,"total":30,"elapsed":193}
[debug] [2026-09-01T13:47:55.093Z] >>> [apiv2][query] POST https://firebasehosting.googleapis.com/v1beta1/projects/940511583527/sites/ofmapp-main/versions/05011951c0de08f8:populateFiles [none]
[debug] [2026-09-01T13:47:55.093Z] >>> [apiv2][body] POST https://firebasehosting.googleapis.com/v1beta1/projects/940511583527/sites/ofmapp-main/versions/05011951c0de08f8:populateFiles {"files":{"/manifest.json":"fe0b54af01710eb4bff2c2bc6d01861a266461fdddfce85219e99062f3e80cc7\r","/icon.png":"852495ad347a82200583b9566200ec7a527819e3178a4bcfc97e753ba52bc3f1\r","/favicon.png":"852495ad347a82200583b9566200ec7a527819e3178a4bcfc97e753ba52bc3f1\r","/favicon.ico":"852495ad347a82200583b9566200ec7a527819e3178a4bcfc97e753ba52bc3f1\r","/.well-known/assetlinks.json":"decf27af4366b667db70e4be0d5eb0d300eb9b25ea14632a578683465bdd2901\r","/.well-known/apple-app-site-association":"53c274d936716ca55925e7882fa383dc89b71c04436e52dabd73e17fdad28469\r","/settings.html":"4eaee4a11de38167c33814acaec32b74ffe78be869f8155caf818c3c319c55f0","/team.html":"4eaee4a11de38167c33814acaec32b74ffe78be869f8155caf818c3c319c55f0","/_sitemap.html":"a00d814fed1fc780dbd90b50e621c0ff9afa315b50b483fe0c2e045a027308d0","/reports.html":"4eaee4a11de38167c33814acaec32b74ffe78be869f8155caf818c3c319c55f0","/payroll.html":"4eaee4a11de38167c33814acaec32b74ffe78be869f8155caf818c3c319c55f0","/onboarding.html":"4eaee4a11de38167c33814acaec32b74ffe78be869f8155caf818c3c319c55f0","/login.html":"4eaee4a11de38167c33814acaec32b74ffe78be869f8155caf818c3c319c55f0","/more.html":"4eaee4a11de38167c33814acaec32b74ffe78be869f8155caf818c3c319c55f0","/index.html":"4eaee4a11de38167c33814acaec32b74ffe78be869f8155caf818c3c319c55f0","/income.html":"4eaee4a11de38167c33814acaec32b74ffe78be869f8155caf818c3c319c55f0","/expenses.html":"4eaee4a11de38167c33814acaec32b74ffe78be869f8155caf818c3c319c55f0","/departments.html":"4eaee4a11de38167c33814acaec32b74ffe78be869f8155caf818c3c319c55f0","/_expo/.routes.json":"883c930b10b3d0c2ca8984f538d10af20d8936a29fc1fff6d94ee23cfc72b11a","/budget.html":"4eaee4a11de38167c33814acaec32b74ffe78be869f8155caf818c3c319c55f0","/+not-found.html":"4eaee4a11de38167c33814acaec32b74ffe78be869f8155caf818c3c319c55f0","/auth/google.html":"4eaee4a11de38167c33814acaec32b74ffe78be869f8155caf818c3c319c55f0","/ai-insights.html":"4eaee4a11de38167c33814acaec32b74ffe78be869f8155caf818c3c319c55f0","/(tabs)/reports.html":"4eaee4a11de38167c33814acaec32b74ffe78be869f8155caf818c3c319c55f0","/(tabs)/more.html":"4eaee4a11de38167c33814acaec32b74ffe78be869f8155caf818c3c319c55f0","/(tabs)/index.html":"4eaee4a11de38167c33814acaec32b74ffe78be869f8155caf818c3c319c55f0","/(tabs)/income.html":"4eaee4a11de38167c33814acaec32b74ffe78be869f8155caf818c3c319c55f0","/(tabs)/expenses.html":"4eaee4a11de38167c33814acaec32b74ffe78be869f8155caf818c3c319c55f0","/assets/assets/images/icon.326260f8a0a65f5e7dd831c2aee5613d.png":"852495ad347a82200583b9566200ec7a527819e3178a4bcfc97e753ba52bc3f1","/_expo/static/js/web/entry-cb2ce1fecb4c0fb1ebeb6ca56e8128ee.js":"68790a14c7224c9644510aba3618ed0e623e0692f27caf319b3c28b6171525a9"}}
[debug] [2026-09-01T13:47:56.302Z] <<< [apiv2][status] POST https://firebasehosting.googleapis.com/v1beta1/projects/940511583527/sites/ofmapp-main/versions/05011951c0de08f8:populateFiles 200
[debug] [2026-09-01T13:47:56.302Z] <<< [apiv2][body] POST https://firebasehosting.googleapis.com/v1beta1/projects/940511583527/sites/ofmapp-main/versions/05011951c0de08f8:populateFiles {"uploadUrl":"https://upload-firebasehosting.googleapis.com/upload/sites/ofmapp-main/versions/05011951c0de08f8/files"}
[debug] [2026-09-01T13:47:56.302Z] [hosting][populate queue][FINAL] {"max":1211,"min":1211,"avg":1211,"active":0,"complete":1,"success":1,"errored":0,"retried":0,"total":1,"elapsed":1211}
[debug] [2026-09-01T13:47:56.302Z] [hosting] uploads queued: 0
[debug] [2026-09-01T13:47:56.302Z] [hosting][upload queue][FINAL] {"max":0,"min":9999999999,"avg":0,"active":0,"complete":0,"success":0,"errored":0,"retried":0,"total":0,"elapsed":1788270476302}
[info] +  hosting[ofmapp-main]: file upload complete 
[debug] [2026-09-01T13:47:56.303Z] [hosting] deploy completed after 1420ms
[debug] [2026-09-01T13:47:56.303Z] [
  {
    "config": {
      "public": "dist",
      "ignore": [
        "firebase.json",
        "**/node_modules/**"
      ],
      "headers": [
        {
          "source": "/.well-known/apple-app-site-association",
          "headers": [
            {
              "key": "Content-Type",
              "value": "application/json"
            }
          ]
        },
        {
          "source": "/.well-known/assetlinks.json",
          "headers": [
            {
              "key": "Content-Type",
              "value": "application/json"
            }
          ]
        }
      ],
      "rewrites": [
        {
          "source": "**",
          "destination": "/index.html"
        }
      ],
      "site": "ofmapp-main"
    },
    "version": "projects/940511583527/sites/ofmapp-main/versions/05011951c0de08f8"
  }
]
[info] i  hosting[ofmapp-main]: finalizing version... 
[debug] [2026-09-01T13:47:56.305Z] Checked if tokens are valid: true, expires at: 1788273391729
[debug] [2026-09-01T13:47:56.305Z] Checked if tokens are valid: true, expires at: 1788273391729
[debug] [2026-09-01T13:47:56.305Z] >>> [apiv2][query] PATCH https://firebasehosting.googleapis.com/v1beta1/projects/-/sites/ofmapp-main/versions/05011951c0de08f8 updateMask=status%2Cconfig
[debug] [2026-09-01T13:47:56.305Z] >>> [apiv2][body] PATCH https://firebasehosting.googleapis.com/v1beta1/projects/-/sites/ofmapp-main/versions/05011951c0de08f8 {"status":"FINALIZED","config":{"rewrites":[{"glob":"**","path":"/index.html"}],"headers":[{"glob":"/.well-known/apple-app-site-association","headers":{"Content-Type":"application/json"}},{"glob":"/.well-known/assetlinks.json","headers":{"Content-Type":"application/json"}}]}}
[debug] [2026-09-01T13:47:57.808Z] <<< [apiv2][status] PATCH https://firebasehosting.googleapis.com/v1beta1/projects/-/sites/ofmapp-main/versions/05011951c0de08f8 200
[debug] [2026-09-01T13:47:57.808Z] <<< [apiv2][body] PATCH https://firebasehosting.googleapis.com/v1beta1/projects/-/sites/ofmapp-main/versions/05011951c0de08f8 {"name":"projects/940511583527/sites/ofmapp-main/versions/05011951c0de08f8","status":"FINALIZED","config":{"headers":[{"headers":{"Content-Type":"application/json"},"glob":"/.well-known/apple-app-site-association"},{"headers":{"Content-Type":"application/json"},"glob":"/.well-known/assetlinks.json"}],"rewrites":[{"glob":"**","path":"/index.html"}]},"labels":{"deployment-tool":"cli-firebase"},"createTime":"2026-09-01T13:47:53.115460Z","createUser":{"email":"engrahmedaqeel14@gmail.com"},"finalizeTime":"2026-09-01T13:47:57.208263Z","finalizeUser":{"email":"engrahmedaqeel14@gmail.com"}}
[debug] [2026-09-01T13:47:57.808Z] [hosting] finalized version for ofmapp-main:[object Object]
[info] +  hosting[ofmapp-main]: version finalized 
[info] i  hosting[ofmapp-main]: releasing new version... 
[debug] [2026-09-01T13:47:57.809Z] Checked if tokens are valid: true, expires at: 1788273391729
[debug] [2026-09-01T13:47:57.809Z] Checked if tokens are valid: true, expires at: 1788273391729
[debug] [2026-09-01T13:47:57.809Z] >>> [apiv2][query] POST https://firebasehosting.googleapis.com/v1beta1/projects/-/sites/ofmapp-main/channels/live/releases versionName=projects%2F940511583527%2Fsites%2Fofmapp-main%2Fversions%2F05011951c0de08f8
[debug] [2026-09-01T13:47:57.809Z] >>> [apiv2][body] POST https://firebasehosting.googleapis.com/v1beta1/projects/-/sites/ofmapp-main/channels/live/releases {}
[debug] [2026-09-01T13:47:59.635Z] <<< [apiv2][status] POST https://firebasehosting.googleapis.com/v1beta1/projects/-/sites/ofmapp-main/channels/live/releases 200
[debug] [2026-09-01T13:47:59.635Z] <<< [apiv2][body] POST https://firebasehosting.googleapis.com/v1beta1/projects/-/sites/ofmapp-main/channels/live/releases {"name":"projects/940511583527/sites/ofmapp-main/channels/live/releases/1788270478052000","version":{"name":"projects/940511583527/sites/ofmapp-main/versions/05011951c0de08f8","status":"FINALIZED","config":{"headers":[{"headers":{"Content-Type":"application/json"},"glob":"/.well-known/apple-app-site-association"},{"headers":{"Content-Type":"application/json"},"glob":"/.well-known/assetlinks.json"}],"rewrites":[{"glob":"**","path":"/index.html"}]},"labels":{"deployment-tool":"cli-firebase"},"createTime":"2026-09-01T13:47:53.115460Z","createUser":{"email":"engrahmedaqeel14@gmail.com","imageUrl":"https://lh3.googleusercontent.com/a/ACg8ocJXTi8hNhUC1PG8V6MtHXmK5Py1MIK5B4eZhPFEpbMQ06YjsQ=mo"},"finalizeTime":"2026-09-01T13:47:57.208263Z","finalizeUser":{"email":"engrahmedaqeel14@gmail.com","imageUrl":"https://lh3.googleusercontent.com/a/ACg8ocJXTi8hNhUC1PG8V6MtHXmK5Py1MIK5B4eZhPFEpbMQ06YjsQ=mo"}},"type":"DEPLOY","releaseTime":"2026-09-01T13:47:58.052Z","releaseUser":{"email":"engrahmedaqeel14@gmail.com","imageUrl":"https://lh3.googleusercontent.com/a/ACg8ocJXTi8hNhUC1PG8V6MtHXmK5Py1MIK5B4eZhPFEpbMQ06YjsQ=mo"}}
[debug] [2026-09-01T13:47:59.636Z] [hosting] release: {"name":"projects/940511583527/sites/ofmapp-main/channels/live/releases/1788270478052000","version":{"name":"projects/940511583527/sites/ofmapp-main/versions/05011951c0de08f8","status":"FINALIZED","config":{"headers":[{"headers":{"Content-Type":"application/json"},"glob":"/.well-known/apple-app-site-association"},{"headers":{"Content-Type":"application/json"},"glob":"/.well-known/assetlinks.json"}],"rewrites":[{"glob":"**","path":"/index.html"}]},"labels":{"deployment-tool":"cli-firebase"},"createTime":"2026-09-01T13:47:53.115460Z","createUser":{"email":"engrahmedaqeel14@gmail.com","imageUrl":"https://lh3.googleusercontent.com/a/ACg8ocJXTi8hNhUC1PG8V6MtHXmK5Py1MIK5B4eZhPFEpbMQ06YjsQ=mo"},"finalizeTime":"2026-09-01T13:47:57.208263Z","finalizeUser":{"email":"engrahmedaqeel14@gmail.com","imageUrl":"https://lh3.googleusercontent.com/a/ACg8ocJXTi8hNhUC1PG8V6MtHXmK5Py1MIK5B4eZhPFEpbMQ06YjsQ=mo"}},"type":"DEPLOY","releaseTime":"2026-09-01T13:47:58.052Z","releaseUser":{"email":"engrahmedaqeel14@gmail.com","imageUrl":"https://lh3.googleusercontent.com/a/ACg8ocJXTi8hNhUC1PG8V6MtHXmK5Py1MIK5B4eZhPFEpbMQ06YjsQ=mo"}}
[info] +  hosting[ofmapp-main]: release complete 
[info] 
[info] +  Deploy complete! 
[info] 
[info] Project Console: https://console.firebase.google.com/project/ofmapp-main/overview
[info] Hosting URL: https://ofmapp-main.web.app
[debug] [2026-09-01T13:48:08.732Z] Error: Timed out.
    at Timeout.<anonymous> (C:\Users\user\AppData\Roaming\npm\node_modules\firebase-tools\lib\utils.js:309:49)
    at listOnTimeout (node:internal/timers:605:17)
    at process.processTimers (node:internal/timers:541:7)
[error] 
[error] Error: An unexpected error has occurred.
